../Core/Src/main.c:144:5:main	8	static
../Core/Src/main.c:237:6:SystemClock_Config	88	static
../Core/Src/main.c:279:13:MX_I2C1_Init	8	static
../Core/Src/main.c:313:13:MX_TIM1_Init	96	static
../Core/Src/main.c:387:13:MX_TIM2_Init	56	static
../Core/Src/main.c:436:13:MX_TIM3_Init	56	static
../Core/Src/main.c:485:13:MX_TIM8_Init	96	static
../Core/Src/main.c:563:13:MX_USART3_UART_Init	8	static
../Core/Src/main.c:596:13:MX_GPIO_Init	48	static
../Core/Src/main.c:634:6:HAL_UART_RxCpltCallback	16	static
../Core/Src/main.c:667:6:sendToRPI	16	static
../Core/Src/main.c:672:6:move	200	static
../Core/Src/main.c:880:6:turn	48	static
../Core/Src/main.c:1025:6:StartDefaultTask	40	static
../Core/Src/main.c:1099:6:oled_show	48	static
../Core/Src/main.c:1121:6:gyro_read	80	static
../Core/Src/main.c:1160:6:servoMotor	96	static
../Core/Src/main.c:1251:6:Error_Handler	4	static,ignoring_inline_asm
