../Core/Src/main.c:132:5:main	8	static
../Core/Src/main.c:233:6:SystemClock_Config	88	static
../Core/Src/main.c:275:13:MX_TIM1_Init	96	static
../Core/Src/main.c:349:13:MX_TIM2_Init	56	static
../Core/Src/main.c:398:13:MX_TIM3_Init	56	static
../Core/Src/main.c:447:13:MX_TIM8_Init	96	static
../Core/Src/main.c:525:13:MX_USART3_UART_Init	8	static
../Core/Src/main.c:558:13:MX_GPIO_Init	48	static
../Core/Src/main.c:594:6:HAL_UART_RxCpltCallback	16	static
../Core/Src/main.c:609:6:StartDefaultTask	24	static
../Core/Src/main.c:637:6:oled_show	48	static
../Core/Src/main.c:659:6:motorA	24	static
../Core/Src/main.c:705:6:motorB	24	static
../Core/Src/main.c:730:6:encoderA	56	static
../Core/Src/main.c:783:6:encoderB	56	static
../Core/Src/main.c:838:6:servoMotor	16	static
../Core/Src/main.c:866:6:Error_Handler	4	static,ignoring_inline_asm
