../Core/Src/main.c:271:6:SystemClock_Config	88	static,ignoring_inline_asm
../Core/Src/main.c:176:5:main	120	static,ignoring_inline_asm
../Core/Src/main.c:726:6:HAL_UART_RxCpltCallback	56	static
../Core/Src/main.c:759:6:delay	0	static
../Core/Src/main.c:765:6:HCSR04_Read	8	static
../Core/Src/main.c:3781:6:servoMotor	8	static
../Core/Src/main.c:776:6:HAL_TIM_IC_CaptureCallback	16	static
../Core/Src/main.c:2206:6:sendToRPI	16	static
../Core/Src/main.c:2213:6:moveGyroPID	152	static
../Core/Src/main.c:2466:6:moveGyroPIDOld	184	static
../Core/Src/main.c:2727:6:move	152	static
../Core/Src/main.c:1474:6:moveUltra	136	static
../Core/Src/main.c:1656:6:moveUltraEnd	136	static
../Core/Src/main.c:1839:6:moveUltraEndLeft	136	static
../Core/Src/main.c:959:6:task2A2	152	static
../Core/Src/main.c:1218:6:task2A2L	152	static
../Core/Src/main.c:2022:6:moveUltraExtreme	112	static
../Core/Src/main.c:815:6:task2A	160	static
../Core/Src/main.c:2933:6:left90	64	static
../Core/Src/main.c:2972:6:right90	64	static
../Core/Src/main.c:3014:6:turn	80	static
../Core/Src/main.c:3287:6:spotTurn	80	static
../Core/Src/main.c:3543:6:StartDefaultTask	32	static
../Core/Src/main.c:3488:6:readByte	24	static
../Core/Src/main.c:3495:6:writeByte	16	static
../Core/Src/main.c:3501:6:gyroStart	8	static
../Core/Src/main.c:3510:6:gyroInit	8	static
../Core/Src/main.c:3701:6:gyro_read	48	static
../Core/Src/main.c:3681:6:oled_show	0	static
../Core/Src/main.c:3810:6:Error_Handler	0	static,ignoring_inline_asm
