../Core/Src/main.c:609:6:StartDefaultTask	16	static
../Core/Src/main.c:637:6:oled_show	32	static
../Core/Src/main.c:659:6:motorA	16	static
../Core/Src/main.c:705:6:motorB	16	static
../Core/Src/main.c:838:6:servoMotor	8	static
../Core/Src/main.c:730:6:encoderA	48	static
../Core/Src/main.c:783:6:encoderB	48	static
../Core/Src/main.c:233:6:SystemClock_Config	88	static,ignoring_inline_asm
../Core/Src/main.c:132:5:main	112	static,ignoring_inline_asm
../Core/Src/main.c:594:6:HAL_UART_RxCpltCallback	0	static
../Core/Src/main.c:866:6:Error_Handler	0	static,ignoring_inline_asm
