../Core/Src/main.c:1299:6:gyro_read	24	static
../Core/Src/main.c:238:6:SystemClock_Config	88	static,ignoring_inline_asm
../Core/Src/main.c:145:5:main	120	static,ignoring_inline_asm
../Core/Src/main.c:635:6:HAL_UART_RxCpltCallback	8	static
../Core/Src/main.c:668:6:sendToRPI	16	static
../Core/Src/main.c:673:6:move	168	static
../Core/Src/main.c:873:6:reverse	104	static
../Core/Src/main.c:1057:6:turn	56	static
../Core/Src/main.c:1202:6:StartDefaultTask	32	static
../Core/Src/main.c:1277:6:oled_show	32	static
../Core/Src/main.c:1338:6:servoMotor	88	static
../Core/Src/main.c:1439:6:Error_Handler	0	static,ignoring_inline_asm
