../Core/Src/stm32f4xx_hal_msp.c:65:6:HAL_MspInit	8	static
../Core/Src/stm32f4xx_hal_msp.c:89:6:HAL_I2C_MspInit	48	static
../Core/Src/stm32f4xx_hal_msp.c:128:6:HAL_I2C_MspDeInit	8	static
../Core/Src/stm32f4xx_hal_msp.c:161:6:HAL_TIM_Base_MspInit	40	static
../Core/Src/stm32f4xx_hal_msp.c:208:6:HAL_TIM_Encoder_MspInit	56	static
../Core/Src/stm32f4xx_hal_msp.c:276:6:HAL_TIM_IC_MspInit	40	static
../Core/Src/stm32f4xx_hal_msp.c:308:6:HAL_TIM_MspPostInit	32	static
../Core/Src/stm32f4xx_hal_msp.c:340:6:HAL_TIM_Base_MspDeInit	0	static
../Core/Src/stm32f4xx_hal_msp.c:380:6:HAL_TIM_Encoder_MspDeInit	8	static
../Core/Src/stm32f4xx_hal_msp.c:429:6:HAL_TIM_IC_MspDeInit	8	static
../Core/Src/stm32f4xx_hal_msp.c:459:6:HAL_UART_MspInit	40	static
../Core/Src/stm32f4xx_hal_msp.c:498:6:HAL_UART_MspDeInit	8	static
